// Jest Snapshot v1, https://goo.gl/fbAQLP

exports[`Orders Filter Header Renders the component - even with empty order 1`] = `
<div data-testid="order_list_item_container" class="oli bg-white px-2 flex items-center border-b-2 border-dashed cursor-pointer w-full min-h-[60px] group">
  <div class="w-8 max-w-8 h-full flex items-center">
    <!---->
  </div>
  <div class="text-left items-center justify-start inline-grid px-2 group"><input type="checkbox" class="h-4 w-4"></div>
  <div class="grid grid-cols-9 gap-2 content-center text-sm w-full py-2 mx-3">
    <div class="inline-grid items-center col-span-1 px-4">
      <p>

      </p>
    </div>
    <div class="col-span-1 inline-grid items-center px-1">
      <p>Invalid Date</p>
    </div>
    <div class="col-span-1 inline-grid items-center px-1">
      <!---->
    </div>
    <div class="inline-grid items-center px-1 col-span-3">

    </div>
    <div class="col-span-1 inline-grid items-center px-2">
      <p class="text-gray-700 text-right">
        0
        <span class="text-gray-600 text-2xs">orders.items</span>
      </p>
    </div>
    <div class="col-span-1 inline-grid items-right px-2">
      <p class="text-gray-700 text-right py-2">
        0,00
        <span class="text-gray-600 text-2xs">â‚¬</span>
      </p>
    </div>
    <div class="col-span-1 inline-grid items-center px-3 text-right">
      <div class="block text-gray-700 py-1">
        <!----> <span class="mx-2">/</span>
        <!---->
      </div>
      <div class="flex justify-end">
        <!---->
      </div>
    </div>
    <!---->
  </div>
</div>
`;
